Archive member included because of file (symbol)

/usr/lib/gcc/avr/4.1.2/../../../../avr/lib/avr5/libm.a(addsf3.o)
                              app.o (__subsf3)
/usr/lib/gcc/avr/4.1.2/../../../../avr/lib/avr5/libm.a(addsf3x.o)
                              /usr/lib/gcc/avr/4.1.2/../../../../avr/lib/avr5/libm.a(addsf3.o) (__addsf3x)
/usr/lib/gcc/avr/4.1.2/../../../../avr/lib/avr5/libm.a(fixunssfsi.o)
                              app.o (__fixunssfsi)
/usr/lib/gcc/avr/4.1.2/../../../../avr/lib/avr5/libm.a(floatsisf.o)
                              app.o (__floatsisf)
/usr/lib/gcc/avr/4.1.2/../../../../avr/lib/avr5/libm.a(fp_inf.o)
                              /usr/lib/gcc/avr/4.1.2/../../../../avr/lib/avr5/libm.a(addsf3x.o) (__fp_inf)
/usr/lib/gcc/avr/4.1.2/../../../../avr/lib/avr5/libm.a(fp_nan.o)
                              /usr/lib/gcc/avr/4.1.2/../../../../avr/lib/avr5/libm.a(addsf3x.o) (__fp_nan)
/usr/lib/gcc/avr/4.1.2/../../../../avr/lib/avr5/libm.a(fp_pscA.o)
                              /usr/lib/gcc/avr/4.1.2/../../../../avr/lib/avr5/libm.a(addsf3x.o) (__fp_pscA)
/usr/lib/gcc/avr/4.1.2/../../../../avr/lib/avr5/libm.a(fp_pscB.o)
                              /usr/lib/gcc/avr/4.1.2/../../../../avr/lib/avr5/libm.a(addsf3x.o) (__fp_pscB)
/usr/lib/gcc/avr/4.1.2/../../../../avr/lib/avr5/libm.a(fp_round.o)
                              /usr/lib/gcc/avr/4.1.2/../../../../avr/lib/avr5/libm.a(addsf3.o) (__fp_round)
/usr/lib/gcc/avr/4.1.2/../../../../avr/lib/avr5/libm.a(fp_split3.o)
                              /usr/lib/gcc/avr/4.1.2/../../../../avr/lib/avr5/libm.a(addsf3x.o) (__fp_split3)
/usr/lib/gcc/avr/4.1.2/../../../../avr/lib/avr5/libm.a(fp_zero.o)
                              /usr/lib/gcc/avr/4.1.2/../../../../avr/lib/avr5/libm.a(addsf3x.o) (__fp_zero)
/usr/lib/gcc/avr/4.1.2/../../../../avr/lib/avr5/libm.a(mulsf3.o)
                              app.o (__mulsf3)
/usr/lib/gcc/avr/4.1.2/../../../../avr/lib/avr5/libm.a(mulsf3x.o)
                              /usr/lib/gcc/avr/4.1.2/../../../../avr/lib/avr5/libm.a(mulsf3.o) (__mulsf3x)
/usr/lib/gcc/avr/4.1.2/avr5/libgcc.a(_udivmodhi4.o)
                              app.o (__udivmodhi4)
/usr/lib/gcc/avr/4.1.2/avr5/libgcc.a(_exit.o)
                              /usr/lib/gcc/avr/4.1.2/../../../../avr/lib/avr5/crtm128rfa1.o (exit)
/usr/lib/gcc/avr/4.1.2/avr5/libgcc.a(_clear_bss.o)
                              app.o (__do_clear_bss)
/usr/lib/gcc/avr/4.1.2/avr5/libgcc.a(_muldi3.o)
                              app.o (__muldi3)
/usr/lib/gcc/avr/4.1.2/avr5/libgcc.a(_lshrdi3.o)
                              app.o (__lshrdi3)
/usr/lib/gcc/avr/4.1.2/avr5/libgcc.a(_mulsi3.o)
                              /usr/lib/gcc/avr/4.1.2/avr5/libgcc.a(_muldi3.o) (__mulsi3)
/usr/lib/gcc/avr/4.1.2/avr5/libgcc.a(_prologue.o)
                              /usr/lib/gcc/avr/4.1.2/avr5/libgcc.a(_muldi3.o) (__prologue_saves__)
/usr/lib/gcc/avr/4.1.2/avr5/libgcc.a(_epilogue.o)
                              /usr/lib/gcc/avr/4.1.2/avr5/libgcc.a(_muldi3.o) (__epilogue_restores__)
/usr/lib/gcc/avr/4.1.2/../../../../avr/lib/avr5/libc.a(memcpy.o)
                              app.o (memcpy)
/usr/lib/gcc/avr/4.1.2/../../../../avr/lib/avr5/libc.a(memset.o)
                              app.o (memset)
/usr/lib/gcc/avr/4.1.2/../../../../avr/lib/avr5/libc.a(strcmp.o)
                              app.o (strcmp)
/usr/lib/gcc/avr/4.1.2/../../../../avr/lib/avr5/libc.a(sprintf.o)
                              app.o (sprintf)
/usr/lib/gcc/avr/4.1.2/../../../../avr/lib/avr5/libc.a(vfprintf_std.o)
                              /usr/lib/gcc/avr/4.1.2/../../../../avr/lib/avr5/libc.a(sprintf.o) (vfprintf)
/usr/lib/gcc/avr/4.1.2/../../../../avr/lib/avr5/libc.a(strnlen_P.o)
                              /usr/lib/gcc/avr/4.1.2/../../../../avr/lib/avr5/libc.a(vfprintf_std.o) (strnlen_P)
/usr/lib/gcc/avr/4.1.2/../../../../avr/lib/avr5/libc.a(strnlen.o)
                              /usr/lib/gcc/avr/4.1.2/../../../../avr/lib/avr5/libc.a(vfprintf_std.o) (strnlen)
/usr/lib/gcc/avr/4.1.2/../../../../avr/lib/avr5/libc.a(fputc.o)
                              /usr/lib/gcc/avr/4.1.2/../../../../avr/lib/avr5/libc.a(vfprintf_std.o) (fputc)
/usr/lib/gcc/avr/4.1.2/../../../../avr/lib/avr5/libc.a(ultoa_invert.o)
                              /usr/lib/gcc/avr/4.1.2/../../../../avr/lib/avr5/libc.a(vfprintf_std.o) (__ultoa_invert)

Allocating common symbols
Common symbol       size              file

UniqueLayerP__0__sequenceNumber
                    0x1               app.o
Atm128Rfa1SerialP__txBuf
                    0x2               app.o
BlinkC__commandLength
                    0x1               app.o
MessageBufferLayerP__0__receiveQueue
                    0x6               app.o
Atm128Rfa1SerialP__rxBusy
                    0x1               app.o
RFA1DriverLayerP__rssiBusy
                    0x1               app.o
SoftwareAckLayerC__0__state
                    0x1               app.o
NeighborhoodP__last
                    0x1               app.o
Atm128Rfa1SerialP__rxResult
                    0x1               app.o
SchedulerBasicP__m_next
                    0x13              app.o
Atm128Rfa1SerialP__txLen
                    0x2               app.o
RFA1DriverLayerP__cmd
                    0x1               app.o
AlarmToTimerC__0__m_oneshot
                    0x1               app.o
Atm128AdcP(float)   0x1               app.o
TaskletC__state     0x1               app.o
SimpleArbiterP__0__reqResId
                    0x1               app.o
FcfsResourceQueueC__0__resQ
                    0x0               app.o
BlinkC__commandBuf  0xff              app.o
RandomCollisionLayerP__0__txMsg
                    0x2               app.o
Atm128AdcP__nextF   0x1               app.o
MessageBufferLayerP__0__state
                    0x1               app.o
RandomCollisionLayerP__0__state
                    0x1               app.o
RandomMlcgC(short,...)(...)(double)
                    0x4               app.o
TransformAlarmC__0__m_dt
                    0x4               app.o
TransformAlarmC__0__m_t0
                    0x4               app.o
Atm128Rfa1SerialP__txBusy
                    0x1               app.o
Atm128Rfa1SerialP__rxPos
                    0x2               app.o
RadioAlarmP__0__alarm
                    0x1               app.o
AdcP__state         0x1               app.o
Atm128Rfa1SerialP__txResult
                    0x1               app.o
RFA1DriverLayerP__state
                    0x1               app.o
SoftwareAckLayerC__0__ackMsg
                    0x32              app.o
Atm128Rfa1SerialP__rxUnexpectedByte
                    0x1               app.o
RandomCollisionLayerP__0__txBarrier
                    0x2               app.o
TransformCounterC__0__m_upper
                    0x1               app.o
Atm128Rfa1SerialP__m_byte_time
                    0x1               app.o
RFA1DriverLayerP__txPower
                    0x1               app.o
RoundRobinResourceQueueC__0__resQ
                    0x1               app.o
VirtualizeTimerC__0__m_timers
                    0x24              app.o
RadioAlarmP__0__state
                    0x1               app.o
NeighborhoodP__time
                    0x1               app.o
MessageBufferLayerP__0__retries
                    0x1               app.o
AdcP__val           0x2               app.o
MessageBufferLayerP__0__txMsg
                    0x2               app.o
PacketLinkLayerP__0__totalRetries
                    0x2               app.o
RandomCollisionLayerP__0__nextRandom
                    0x2               app.o
PacketLinkLayerP__0__currentMsg
                    0x2               app.o
ArbiterP__0__reqResId
                    0x1               app.o
RFA1DriverLayerP__radioIrq
                    0x1               app.o
MessageBufferLayerP__0__receiveQueueSize
                    0x1               app.o
UniqueLayerP__0__receivedNumbers
                    0x5               app.o
Atm128Rfa1SerialP__rxLen
                    0x2               app.o
NeighborhoodP__nodes
                    0xa               app.o
AlarmToTimerC__0__m_dt
                    0x4               app.o
Atm128Rfa1SerialP__txPos
                    0x2               app.o
SchedulerBasicP__m_head
                    0x1               app.o
MeasureClockC__cycles
                    0x2               app.o
Atm128Rfa1SerialP__rxBuf
                    0x2               app.o
MessageBufferLayerP__0__receiveQueueHead
                    0x1               app.o
AdcP__client        0x1               app.o
RFA1DriverLayerP__rssiClear
                    0x1               app.o
MessageBufferLayerP__0__txError
                    0x1               app.o
MessageBufferLayerP__0__receiveQueueData
                    0x96              app.o
RFA1DriverLayerP__channel
                    0x1               app.o
NeighborhoodP__ages
                    0x5               app.o
SchedulerBasicP__m_tail
                    0x1               app.o
SoftwareAckLayerC__0__txMsg
                    0x2               app.o
RFA1DriverLayerP__rxMsgBuffer
                    0x32              app.o
RFA1DriverLayerP__rxMsg
                    0x2               app.o
NeighborhoodP__flags
                    0x5               app.o

Discarded input sections

 .data          0x00000000        0x0 /usr/lib/gcc/avr/4.1.2/../../../../avr/lib/avr5/crtm128rfa1.o
 .bss           0x00000000        0x0 /usr/lib/gcc/avr/4.1.2/../../../../avr/lib/avr5/crtm128rfa1.o
 .stabstr       0x00000000        0x0 /usr/lib/gcc/avr/4.1.2/../../../../avr/lib/avr5/crtm128rfa1.o
 .text          0x00000000        0x0 app.o
 .text.__nesc_atomic_start
                0x00000000        0x0 app.o
 .text.__nesc_atomic_end
                0x00000000        0x0 app.o
 .text          0x00000000        0x0 /usr/lib/gcc/avr/4.1.2/../../../../avr/lib/avr5/libm.a(addsf3.o)
 .data          0x00000000        0x0 /usr/lib/gcc/avr/4.1.2/../../../../avr/lib/avr5/libm.a(addsf3.o)
 .bss           0x00000000        0x0 /usr/lib/gcc/avr/4.1.2/../../../../avr/lib/avr5/libm.a(addsf3.o)
 .stabstr       0x00000000        0x0 /usr/lib/gcc/avr/4.1.2/../../../../avr/lib/avr5/libm.a(addsf3.o)
 .text          0x00000000        0x0 /usr/lib/gcc/avr/4.1.2/../../../../avr/lib/avr5/libm.a(addsf3x.o)
 .data          0x00000000        0x0 /usr/lib/gcc/avr/4.1.2/../../../../avr/lib/avr5/libm.a(addsf3x.o)
 .bss           0x00000000        0x0 /usr/lib/gcc/avr/4.1.2/../../../../avr/lib/avr5/libm.a(addsf3x.o)
 .stabstr       0x00000000        0x0 /usr/lib/gcc/avr/4.1.2/../../../../avr/lib/avr5/libm.a(addsf3x.o)
 .text          0x00000000        0x0 /usr/lib/gcc/avr/4.1.2/../../../../avr/lib/avr5/libm.a(fixunssfsi.o)
 .data          0x00000000        0x0 /usr/lib/gcc/avr/4.1.2/../../../../avr/lib/avr5/libm.a(fixunssfsi.o)
 .bss           0x00000000        0x0 /usr/lib/gcc/avr/4.1.2/../../../../avr/lib/avr5/libm.a(fixunssfsi.o)
 .stabstr       0x00000000        0x0 /usr/lib/gcc/avr/4.1.2/../../../../avr/lib/avr5/libm.a(fixunssfsi.o)
 .text          0x00000000        0x0 /usr/lib/gcc/avr/4.1.2/../../../../avr/lib/avr5/libm.a(floatsisf.o)
 .data          0x00000000        0x0 /usr/lib/gcc/avr/4.1.2/../../../../avr/lib/avr5/libm.a(floatsisf.o)
 .bss           0x00000000        0x0 /usr/lib/gcc/avr/4.1.2/../../../../avr/lib/avr5/libm.a(floatsisf.o)
 .stabstr       0x00000000        0x0 /usr/lib/gcc/avr/4.1.2/../../../../avr/lib/avr5/libm.a(floatsisf.o)
 .text          0x00000000        0x0 /usr/lib/gcc/avr/4.1.2/../../../../avr/lib/avr5/libm.a(fp_inf.o)
 .data          0x00000000        0x0 /usr/lib/gcc/avr/4.1.2/../../../../avr/lib/avr5/libm.a(fp_inf.o)
 .bss           0x00000000        0x0 /usr/lib/gcc/avr/4.1.2/../../../../avr/lib/avr5/libm.a(fp_inf.o)
 .stabstr       0x00000000        0x0 /usr/lib/gcc/avr/4.1.2/../../../../avr/lib/avr5/libm.a(fp_inf.o)
 .text          0x00000000        0x0 /usr/lib/gcc/avr/4.1.2/../../../../avr/lib/avr5/libm.a(fp_nan.o)
 .data          0x00000000        0x0 /usr/lib/gcc/avr/4.1.2/../../../../avr/lib/avr5/libm.a(fp_nan.o)
 .bss           0x00000000        0x0 /usr/lib/gcc/avr/4.1.2/../../../../avr/lib/avr5/libm.a(fp_nan.o)
 .stabstr       0x00000000        0x0 /usr/lib/gcc/avr/4.1.2/../../../../avr/lib/avr5/libm.a(fp_nan.o)
 .text          0x00000000        0x0 /usr/lib/gcc/avr/4.1.2/../../../../avr/lib/avr5/libm.a(fp_pscA.o)
 .data          0x00000000        0x0 /usr/lib/gcc/avr/4.1.2/../../../../avr/lib/avr5/libm.a(fp_pscA.o)
 .bss           0x00000000        0x0 /usr/lib/gcc/avr/4.1.2/../../../../avr/lib/avr5/libm.a(fp_pscA.o)
 .stabstr       0x00000000        0x0 /usr/lib/gcc/avr/4.1.2/../../../../avr/lib/avr5/libm.a(fp_pscA.o)
 .text          0x00000000        0x0 /usr/lib/gcc/avr/4.1.2/../../../../avr/lib/avr5/libm.a(fp_pscB.o)
 .data          0x00000000        0x0 /usr/lib/gcc/avr/4.1.2/../../../../avr/lib/avr5/libm.a(fp_pscB.o)
 .bss           0x00000000        0x0 /usr/lib/gcc/avr/4.1.2/../../../../avr/lib/avr5/libm.a(fp_pscB.o)
 .stabstr       0x00000000        0x0 /usr/lib/gcc/avr/4.1.2/../../../../avr/lib/avr5/libm.a(fp_pscB.o)
 .text          0x00000000        0x0 /usr/lib/gcc/avr/4.1.2/../../../../avr/lib/avr5/libm.a(fp_round.o)
 .data          0x00000000        0x0 /usr/lib/gcc/avr/4.1.2/../../../../avr/lib/avr5/libm.a(fp_round.o)
 .bss           0x00000000        0x0 /usr/lib/gcc/avr/4.1.2/../../../../avr/lib/avr5/libm.a(fp_round.o)
 .stabstr       0x00000000        0x0 /usr/lib/gcc/avr/4.1.2/../../../../avr/lib/avr5/libm.a(fp_round.o)
 .text          0x00000000        0x0 /usr/lib/gcc/avr/4.1.2/../../../../avr/lib/avr5/libm.a(fp_split3.o)
 .data          0x00000000        0x0 /usr/lib/gcc/avr/4.1.2/../../../../avr/lib/avr5/libm.a(fp_split3.o)
 .bss           0x00000000        0x0 /usr/lib/gcc/avr/4.1.2/../../../../avr/lib/avr5/libm.a(fp_split3.o)
 .stabstr       0x00000000        0x0 /usr/lib/gcc/avr/4.1.2/../../../../avr/lib/avr5/libm.a(fp_split3.o)
 .text          0x00000000        0x0 /usr/lib/gcc/avr/4.1.2/../../../../avr/lib/avr5/libm.a(fp_zero.o)
 .data          0x00000000        0x0 /usr/lib/gcc/avr/4.1.2/../../../../avr/lib/avr5/libm.a(fp_zero.o)
 .bss           0x00000000        0x0 /usr/lib/gcc/avr/4.1.2/../../../../avr/lib/avr5/libm.a(fp_zero.o)
 .stabstr       0x00000000        0x0 /usr/lib/gcc/avr/4.1.2/../../../../avr/lib/avr5/libm.a(fp_zero.o)
 .text          0x00000000        0x0 /usr/lib/gcc/avr/4.1.2/../../../../avr/lib/avr5/libm.a(mulsf3.o)
 .data          0x00000000        0x0 /usr/lib/gcc/avr/4.1.2/../../../../avr/lib/avr5/libm.a(mulsf3.o)
 .bss           0x00000000        0x0 /usr/lib/gcc/avr/4.1.2/../../../../avr/lib/avr5/libm.a(mulsf3.o)
 .stabstr       0x00000000        0x0 /usr/lib/gcc/avr/4.1.2/../../../../avr/lib/avr5/libm.a(mulsf3.o)
 .text          0x00000000        0x0 /usr/lib/gcc/avr/4.1.2/../../../../avr/lib/avr5/libm.a(mulsf3x.o)
 .data          0x00000000        0x0 /usr/lib/gcc/avr/4.1.2/../../../../avr/lib/avr5/libm.a(mulsf3x.o)
 .bss           0x00000000        0x0 /usr/lib/gcc/avr/4.1.2/../../../../avr/lib/avr5/libm.a(mulsf3x.o)
 .stabstr       0x00000000        0x0 /usr/lib/gcc/avr/4.1.2/../../../../avr/lib/avr5/libm.a(mulsf3x.o)
 .text          0x00000000        0x0 /usr/lib/gcc/avr/4.1.2/avr5/libgcc.a(_udivmodhi4.o)
 .data          0x00000000        0x0 /usr/lib/gcc/avr/4.1.2/avr5/libgcc.a(_udivmodhi4.o)
 .bss           0x00000000        0x0 /usr/lib/gcc/avr/4.1.2/avr5/libgcc.a(_udivmodhi4.o)
 .text          0x00000000        0x0 /usr/lib/gcc/avr/4.1.2/avr5/libgcc.a(_exit.o)
 .data          0x00000000        0x0 /usr/lib/gcc/avr/4.1.2/avr5/libgcc.a(_exit.o)
 .bss           0x00000000        0x0 /usr/lib/gcc/avr/4.1.2/avr5/libgcc.a(_exit.o)
 .text.libgcc   0x00000000        0x0 /usr/lib/gcc/avr/4.1.2/avr5/libgcc.a(_exit.o)
 .text          0x00000000        0x0 /usr/lib/gcc/avr/4.1.2/avr5/libgcc.a(_clear_bss.o)
 .data          0x00000000        0x0 /usr/lib/gcc/avr/4.1.2/avr5/libgcc.a(_clear_bss.o)
 .bss           0x00000000        0x0 /usr/lib/gcc/avr/4.1.2/avr5/libgcc.a(_clear_bss.o)
 .text.libgcc   0x00000000        0x0 /usr/lib/gcc/avr/4.1.2/avr5/libgcc.a(_clear_bss.o)
 .data          0x00000000        0x0 /usr/lib/gcc/avr/4.1.2/avr5/libgcc.a(_muldi3.o)
 .bss           0x00000000        0x0 /usr/lib/gcc/avr/4.1.2/avr5/libgcc.a(_muldi3.o)
 .stabstr       0x00000000        0x0 /usr/lib/gcc/avr/4.1.2/avr5/libgcc.a(_muldi3.o)
 .data          0x00000000        0x0 /usr/lib/gcc/avr/4.1.2/avr5/libgcc.a(_lshrdi3.o)
 .bss           0x00000000        0x0 /usr/lib/gcc/avr/4.1.2/avr5/libgcc.a(_lshrdi3.o)
 .stabstr       0x00000000        0x0 /usr/lib/gcc/avr/4.1.2/avr5/libgcc.a(_lshrdi3.o)
 .text          0x00000000        0x0 /usr/lib/gcc/avr/4.1.2/avr5/libgcc.a(_mulsi3.o)
 .data          0x00000000        0x0 /usr/lib/gcc/avr/4.1.2/avr5/libgcc.a(_mulsi3.o)
 .bss           0x00000000        0x0 /usr/lib/gcc/avr/4.1.2/avr5/libgcc.a(_mulsi3.o)
 .text          0x00000000        0x0 /usr/lib/gcc/avr/4.1.2/avr5/libgcc.a(_prologue.o)
 .data          0x00000000        0x0 /usr/lib/gcc/avr/4.1.2/avr5/libgcc.a(_prologue.o)
 .bss           0x00000000        0x0 /usr/lib/gcc/avr/4.1.2/avr5/libgcc.a(_prologue.o)
 .text          0x00000000        0x0 /usr/lib/gcc/avr/4.1.2/avr5/libgcc.a(_epilogue.o)
 .data          0x00000000        0x0 /usr/lib/gcc/avr/4.1.2/avr5/libgcc.a(_epilogue.o)
 .bss           0x00000000        0x0 /usr/lib/gcc/avr/4.1.2/avr5/libgcc.a(_epilogue.o)
 .text          0x00000000        0x0 /usr/lib/gcc/avr/4.1.2/../../../../avr/lib/avr5/libc.a(memcpy.o)
 .data          0x00000000        0x0 /usr/lib/gcc/avr/4.1.2/../../../../avr/lib/avr5/libc.a(memcpy.o)
 .bss           0x00000000        0x0 /usr/lib/gcc/avr/4.1.2/../../../../avr/lib/avr5/libc.a(memcpy.o)
 .stabstr       0x00000000        0x0 /usr/lib/gcc/avr/4.1.2/../../../../avr/lib/avr5/libc.a(memcpy.o)
 .text          0x00000000        0x0 /usr/lib/gcc/avr/4.1.2/../../../../avr/lib/avr5/libc.a(memset.o)
 .data          0x00000000        0x0 /usr/lib/gcc/avr/4.1.2/../../../../avr/lib/avr5/libc.a(memset.o)
 .bss           0x00000000        0x0 /usr/lib/gcc/avr/4.1.2/../../../../avr/lib/avr5/libc.a(memset.o)
 .stabstr       0x00000000        0x0 /usr/lib/gcc/avr/4.1.2/../../../../avr/lib/avr5/libc.a(memset.o)
 .text          0x00000000        0x0 /usr/lib/gcc/avr/4.1.2/../../../../avr/lib/avr5/libc.a(strcmp.o)
 .data          0x00000000        0x0 /usr/lib/gcc/avr/4.1.2/../../../../avr/lib/avr5/libc.a(strcmp.o)
 .bss           0x00000000        0x0 /usr/lib/gcc/avr/4.1.2/../../../../avr/lib/avr5/libc.a(strcmp.o)
 .stabstr       0x00000000        0x0 /usr/lib/gcc/avr/4.1.2/../../../../avr/lib/avr5/libc.a(strcmp.o)
 .text          0x00000000        0x0 /usr/lib/gcc/avr/4.1.2/../../../../avr/lib/avr5/libc.a(sprintf.o)
 .data          0x00000000        0x0 /usr/lib/gcc/avr/4.1.2/../../../../avr/lib/avr5/libc.a(sprintf.o)
 .bss           0x00000000        0x0 /usr/lib/gcc/avr/4.1.2/../../../../avr/lib/avr5/libc.a(sprintf.o)
 .stabstr       0x00000000        0x0 /usr/lib/gcc/avr/4.1.2/../../../../avr/lib/avr5/libc.a(sprintf.o)
 .text          0x00000000        0x0 /usr/lib/gcc/avr/4.1.2/../../../../avr/lib/avr5/libc.a(vfprintf_std.o)
 .data          0x00000000        0x0 /usr/lib/gcc/avr/4.1.2/../../../../avr/lib/avr5/libc.a(vfprintf_std.o)
 .bss           0x00000000        0x0 /usr/lib/gcc/avr/4.1.2/../../../../avr/lib/avr5/libc.a(vfprintf_std.o)
 .stabstr       0x00000000        0x0 /usr/lib/gcc/avr/4.1.2/../../../../avr/lib/avr5/libc.a(vfprintf_std.o)
 .text          0x00000000        0x0 /usr/lib/gcc/avr/4.1.2/../../../../avr/lib/avr5/libc.a(strnlen_P.o)
 .data          0x00000000        0x0 /usr/lib/gcc/avr/4.1.2/../../../../avr/lib/avr5/libc.a(strnlen_P.o)
 .bss           0x00000000        0x0 /usr/lib/gcc/avr/4.1.2/../../../../avr/lib/avr5/libc.a(strnlen_P.o)
 .stabstr       0x00000000        0x0 /usr/lib/gcc/avr/4.1.2/../../../../avr/lib/avr5/libc.a(strnlen_P.o)
 .text          0x00000000        0x0 /usr/lib/gcc/avr/4.1.2/../../../../avr/lib/avr5/libc.a(strnlen.o)
 .data          0x00000000        0x0 /usr/lib/gcc/avr/4.1.2/../../../../avr/lib/avr5/libc.a(strnlen.o)
 .bss           0x00000000        0x0 /usr/lib/gcc/avr/4.1.2/../../../../avr/lib/avr5/libc.a(strnlen.o)
 .stabstr       0x00000000        0x0 /usr/lib/gcc/avr/4.1.2/../../../../avr/lib/avr5/libc.a(strnlen.o)
 .text          0x00000000        0x0 /usr/lib/gcc/avr/4.1.2/../../../../avr/lib/avr5/libc.a(fputc.o)
 .data          0x00000000        0x0 /usr/lib/gcc/avr/4.1.2/../../../../avr/lib/avr5/libc.a(fputc.o)
 .bss           0x00000000        0x0 /usr/lib/gcc/avr/4.1.2/../../../../avr/lib/avr5/libc.a(fputc.o)
 .stabstr       0x00000000        0x0 /usr/lib/gcc/avr/4.1.2/../../../../avr/lib/avr5/libc.a(fputc.o)
 .text          0x00000000        0x0 /usr/lib/gcc/avr/4.1.2/../../../../avr/lib/avr5/libc.a(ultoa_invert.o)
 .data          0x00000000        0x0 /usr/lib/gcc/avr/4.1.2/../../../../avr/lib/avr5/libc.a(ultoa_invert.o)
 .bss           0x00000000        0x0 /usr/lib/gcc/avr/4.1.2/../../../../avr/lib/avr5/libc.a(ultoa_invert.o)
 .stabstr       0x00000000        0x0 /usr/lib/gcc/avr/4.1.2/../../../../avr/lib/avr5/libc.a(ultoa_invert.o)

Memory Configuration

Name             Origin             Length             Attributes
text             0x00000000         0x00020000         xr
data             0x00800060         0x0000ffa0         rw !x
eeprom           0x00810000         0x00010000         rw !x
*default*        0x00000000         0xffffffff

Linker script and memory map

Address of section .data set to 0x800200
LOAD /usr/lib/gcc/avr/4.1.2/../../../../avr/lib/avr5/crtm128rfa1.o
LOAD app.o
LOAD /usr/lib/gcc/avr/4.1.2/../../../../avr/lib/avr5/libm.a
LOAD /usr/lib/gcc/avr/4.1.2/avr5/libgcc.a
LOAD /usr/lib/gcc/avr/4.1.2/../../../../avr/lib/avr5/libc.a
LOAD /usr/lib/gcc/avr/4.1.2/avr5/libgcc.a

.hash
 *(.hash)

.dynsym
 *(.dynsym)

.dynstr
 *(.dynstr)

.gnu.version
 *(.gnu.version)

.gnu.version_d
 *(.gnu.version_d)

.gnu.version_r
 *(.gnu.version_r)

.rel.init
 *(.rel.init)

.rela.init
 *(.rela.init)

.rel.text
 *(.rel.text)
 *(.rel.text.*)
 *(.rel.gnu.linkonce.t*)

.rela.text
 *(.rela.text)
 *(.rela.text.*)
 *(.rela.gnu.linkonce.t*)

.rel.fini
 *(.rel.fini)

.rela.fini
 *(.rela.fini)

.rel.rodata
 *(.rel.rodata)
 *(.rel.rodata.*)
 *(.rel.gnu.linkonce.r*)

.rela.rodata
 *(.rela.rodata)
 *(.rela.rodata.*)
 *(.rela.gnu.linkonce.r*)

.rel.data
 *(.rel.data)
 *(.rel.data.*)
 *(.rel.gnu.linkonce.d*)

.rela.data
 *(.rela.data)
 *(.rela.data.*)
 *(.rela.gnu.linkonce.d*)

.rel.ctors
 *(.rel.ctors)

.rela.ctors
 *(.rela.ctors)

.rel.dtors
 *(.rel.dtors)

.rela.dtors
 *(.rela.dtors)

.rel.got
 *(.rel.got)

.rela.got
 *(.rela.got)

.rel.bss
 *(.rel.bss)

.rela.bss
 *(.rela.bss)

.rel.plt
 *(.rel.plt)

.rela.plt
 *(.rela.plt)

.text           0x00000000     0x339c
 *(.vectors)
 .vectors       0x00000000      0x120 /usr/lib/gcc/avr/4.1.2/../../../../avr/lib/avr5/crtm128rfa1.o
                0x00000000                __vectors
                0x00000000                __vector_default
 *(.vectors)
 *(.progmem.gcc*)
 *(.progmem*)
 .progmem.data  0x00000120        0x6 app.o
                0x00000120                McuSleepC__atm128PowerBits
                0x00000126                . = ALIGN (0x2)
                0x00000126                __trampolines_start = .
 *(.trampolines)
 .trampolines   0x00000126        0x0 linker stubs
 *(.trampolines*)
                0x00000126                __trampolines_end = .
 *(.jumptables)
 *(.jumptables*)
 *(.lowtext)
 *(.lowtext*)
                0x00000126                __ctors_start = .
 *(.ctors)
                0x00000126                __ctors_end = .
                0x00000126                __dtors_start = .
 *(.dtors)
                0x00000126                __dtors_end = .
 SORT(*)(.ctors)
 SORT(*)(.dtors)
 *(.init0)
 .init0         0x00000126        0x0 /usr/lib/gcc/avr/4.1.2/../../../../avr/lib/avr5/crtm128rfa1.o
                0x00000126                __init
 *(.init0)
 *(.init1)
 *(.init1)
 *(.init2)
 .init2         0x00000126        0xc /usr/lib/gcc/avr/4.1.2/../../../../avr/lib/avr5/crtm128rfa1.o
 *(.init2)
 *(.init3)
 *(.init3)
 *(.init4)
 .init4         0x00000132       0x1a /usr/lib/gcc/avr/4.1.2/../../../../avr/lib/avr5/crtm128rfa1.o
                0x00000132                __do_copy_data
 .init4         0x0000014c       0x10 /usr/lib/gcc/avr/4.1.2/avr5/libgcc.a(_clear_bss.o)
                0x0000014c                __do_clear_bss
 *(.init4)
 *(.init5)
 *(.init5)
 *(.init6)
 *(.init6)
 *(.init7)
 *(.init7)
 *(.init8)
 *(.init8)
 *(.init9)
 .init9         0x0000015c        0x8 /usr/lib/gcc/avr/4.1.2/../../../../avr/lib/avr5/crtm128rfa1.o
 *(.init9)
 *(.text)
 .text          0x00000164        0x2 /usr/lib/gcc/avr/4.1.2/../../../../avr/lib/avr5/crtm128rfa1.o
                0x00000164                __vector_22
                0x00000164                __vector_28
                0x00000164                __vector_1
                0x00000164                __vector_32
                0x00000164                __vector_71
                0x00000164                __vector_34
                0x00000164                __vector_24
                0x00000164                __vector_12
                0x00000164                __vector_55
                0x00000164                __vector_69
                0x00000164                __vector_46
                0x00000164                __bad_interrupt
                0x00000164                __vector_6
                0x00000164                __vector_31
                0x00000164                __vector_35
                0x00000164                __vector_39
                0x00000164                __vector_3
                0x00000164                __vector_23
                0x00000164                __vector_30
                0x00000164                __vector_45
                0x00000164                __vector_25
                0x00000164                __vector_11
                0x00000164                __vector_54
                0x00000164                __vector_13
                0x00000164                __vector_17
                0x00000164                __vector_19
                0x00000164                __vector_56
                0x00000164                __vector_7
                0x00000164                __vector_49
                0x00000164                __vector_41
                0x00000164                __vector_43
                0x00000164                __vector_27
                0x00000164                __vector_5
                0x00000164                __vector_33
                0x00000164                __vector_47
                0x00000164                __vector_52
                0x00000164                __vector_37
                0x00000164                __vector_4
                0x00000164                __vector_44
                0x00000164                __vector_51
                0x00000164                __vector_9
                0x00000164                __vector_2
                0x00000164                __vector_21
                0x00000164                __vector_15
                0x00000164                __vector_70
                0x00000164                __vector_40
                0x00000164                __vector_8
                0x00000164                __vector_26
                0x00000164                __vector_48
                0x00000164                __vector_14
                0x00000164                __vector_53
                0x00000164                __vector_10
                0x00000164                __vector_50
                0x00000164                __vector_16
                0x00000164                __vector_18
                0x00000164                __vector_20
                0x00000164                __vector_42
 .text          0x00000166      0x1fc /usr/lib/gcc/avr/4.1.2/avr5/libgcc.a(_muldi3.o)
                0x00000166                __muldi3
 .text          0x00000362      0x106 /usr/lib/gcc/avr/4.1.2/avr5/libgcc.a(_lshrdi3.o)
                0x00000362                __lshrdi3
                0x00000468                . = ALIGN (0x2)
 *(.text.*)
 .text.MetadataFlagsLayerC__0__PacketFlag__clear
                0x00000468       0x1a app.o
 .text.__nesc_hton_uint32
                0x00000482       0x26 app.o
 .text.MessageBufferLayerP__0__Tasklet__suspend
                0x000004a8       0x14 app.o
 .text.PacketLinkLayerP__0__getMeta
                0x000004bc        0x4 app.o
 .text.Atm128AdcP__isPrecise
                0x000004c0       0x46 app.o
 .text.Atm128AdcP__HplAtm128Adc__getAdmux
                0x00000506        0x6 app.o
 .text.SchedulerBasicP__popTask
                0x0000050c       0x2e app.o
 .text.SchedulerBasicP__TaskBasic__postTask
                0x0000053a       0x4e app.o
 .text.ArbiterP__0__grantedTask__postTask
                0x00000588        0x8 app.o
 .text.VirtualizeTimerC__0__updateFromTimer__postTask
                0x00000590        0x8 app.o
 .text.MessageBufferLayerP__0__sendTask__postTask
                0x00000598        0x8 app.o
 .text.PacketLinkLayerP__0__send__postTask
                0x000005a0        0x8 app.o
 .text.__vector_36
                0x000005a8       0xb2 app.o
                0x000005a8                __vector_36
 .text.__vector_38
                0x0000065a       0xb6 app.o
                0x0000065a                __vector_38
 .text.__vector_68
                0x00000710       0x22 app.o
                0x00000710                __vector_68
 .text.HplAtmRfa1TimerMacP__Counter__get
                0x00000732       0x22 app.o
 .text.AtmegaCompareP__1__AtmegaCounter__get
                0x00000754        0x4 app.o
 .text.RandomCollisionLayerP__0__RadioAlarm__getNow
                0x00000758        0x4 app.o
 .text.AtmegaCounterP__0__Counter__get
                0x0000075c        0x4 app.o
 .text.CounterToLocalTimeC__1__LocalTime__get
                0x00000760        0x4 app.o
 .text.TransformCounterC__0__CounterFrom__get
                0x00000764        0x4 app.o
 .text.TransformAlarmC__0__Counter__get
                0x00000768       0x5a app.o
 .text.TransformAlarmC__0__set_alarm
                0x000007c2      0x186 app.o
 .text.__vector_65
                0x00000948       0x74 app.o
                0x00000948                __vector_65
 .text.VirtualizeTimerC__0__TimerFrom__getNow
                0x000009bc        0x4 app.o
 .text.MetadataFlagsLayerC__0__PacketFlag__set
                0x000009c0       0x18 app.o
 .text.RFA1DriverLayerP__PacketTimeStamp__set
                0x000009d8       0x30 app.o
 .text.Ieee154PacketLayerP__0__Ieee154PacketLayer__getAckRequired
                0x00000a08       0x22 app.o
 .text.Ieee154PacketLayerP__0__Ieee154PacketLayer__isDataFrame
                0x00000a2a       0x28 app.o
 .text.Ieee154PacketLayerP__0__Ieee154PacketLayer__getDestAddr
                0x00000a52       0x14 app.o
 .text.RadioAlarmP__0__RadioAlarm__wait
                0x00000a66       0x80 app.o
 .text.RandomCollisionLayerP__0__RadioSend__sendDone
                0x00000ae6       0x14 app.o
 .text.SoftwareAckLayerC__0__RadioSend__sendDone
                0x00000afa        0x6 app.o
 .text.SoftwareAckLayerC__0__Config__isAckPacket
                0x00000b00       0x14 app.o
 .text.RFA1RadioP__Ieee154PacketLayer__requiresAckReply
                0x00000b14       0x46 app.o
 .text.MetadataFlagsLayerC__0__PacketFlag__get
                0x00000b5a       0x18 app.o
 .text.RandomCollisionLayerP__0__RadioAlarm__wait
                0x00000b72        0x8 app.o
 .text.RandomCollisionLayerP__0__RadioSend__ready
                0x00000b7a       0x12 app.o
 .text.RandomCollisionLayerP__0__getBackoff
                0x00000b8c       0x42 app.o
 .text.__vector_67
                0x00000bce       0x14 app.o
                0x00000bce                __vector_67
 .text.VirtualizeTimerC__0__startTimer
                0x00000be2       0x3a app.o
 .text.RoundRobinResourceQueueC__0__RoundRobinQueue__isEnqueued
                0x00000c1c       0x28 app.o
 .text.ArbiterP__0__Resource__release
                0x00000c44       0xe0 app.o
 .text.BlinkC__SerialStream__send
                0x00000d24       0x94 app.o
 .text.BlinkC__Leds__led2Toggle
                0x00000db8       0x12 app.o
 .text.BlinkC__Leds__led1Toggle
                0x00000dca       0x12 app.o
 .text.AdcP__sample
                0x00000ddc       0xf6 app.o
 .text.ArbitratedReadC__0__Resource__granted
                0x00000ed2        0xc app.o
 .text.VirtualizeTimerC__0__fireTimers
                0x00000ede       0xbe app.o
 .text.AlarmToTimerC__0__start
                0x00000f9c       0x48 app.o
 .text.ArbiterP__0__Resource__request
                0x00000fe4       0xc4 app.o
 .text.ArbitratedReadC__0__Read__read
                0x000010a8       0x20 app.o
 .text.VirtualizeTimerC__0__Timer__startPeriodic
                0x000010c8       0x38 app.o
 .text.__vector_29
                0x00001100      0x10c app.o
                0x00001100                __vector_29
 .text.__vector_58
                0x0000120c       0x14 app.o
                0x0000120c                __vector_58
 .text.__vector_62
                0x00001220       0x14 app.o
                0x00001220                __vector_62
 .text.SoftwareAckLayerC__0__SubSend__send
                0x00001234      0x234 app.o
 .text.TaskletC__doit
                0x00001468      0x7ba app.o
 .text.MessageBufferLayerP__0__Tasklet__resume
                0x00001c22       0x24 app.o
 .text.TaskletC__Tasklet__schedule
                0x00001c46       0x18 app.o
 .text.RFA1DriverLayerP__Tasklet__schedule
                0x00001c5e        0x4 app.o
 .text.__vector_61
                0x00001c62       0x50 app.o
                0x00001c62                __vector_61
 .text.__vector_64
                0x00001cb2       0x50 app.o
                0x00001cb2                __vector_64
 .text.__vector_57
                0x00001d02       0x50 app.o
                0x00001d02                __vector_57
 .text.__vector_63
                0x00001d52       0x50 app.o
                0x00001d52                __vector_63
 .text.__vector_60
                0x00001da2       0x50 app.o
                0x00001da2                __vector_60
 .text.__vector_59
                0x00001df2       0x50 app.o
                0x00001df2                __vector_59
 .text.__vector_66
                0x00001e42       0x64 app.o
                0x00001e42                __vector_66
 .text.SchedulerBasicP__TaskBasic__runTask
                0x00001ea6      0x7fc app.o
 .text.RealMainP__Scheduler__runNextTask
                0x000026a2       0x16 app.o
 .text.main     0x000026b8      0x390 app.o
                0x000026b8                main
 .text.avr-libc.fplib
                0x00002a48        0xa /usr/lib/gcc/avr/4.1.2/../../../../avr/lib/avr5/libm.a(addsf3.o)
                0x00002a48                __subsf3
                0x00002a4a                __addsf3
 .text.avr-libc.fplib
                0x00002a52       0xc0 /usr/lib/gcc/avr/4.1.2/../../../../avr/lib/avr5/libm.a(addsf3x.o)
                0x00002a6c                __addsf3x
 .text.avr-libc.fplib
                0x00002b12       0x58 /usr/lib/gcc/avr/4.1.2/../../../../avr/lib/avr5/libm.a(fixunssfsi.o)
                0x00002b12                __fixunssfsi
 .text.avr-libc.fplib
                0x00002b6a       0x7a /usr/lib/gcc/avr/4.1.2/../../../../avr/lib/avr5/libm.a(floatsisf.o)
                0x00002b6e                __floatsisf
                0x00002b6a                __floatunsisf
 .text.avr-libc.fplib
                0x00002be4        0xc /usr/lib/gcc/avr/4.1.2/../../../../avr/lib/avr5/libm.a(fp_inf.o)
                0x00002be4                __fp_inf
 .text.avr-libc.fplib
                0x00002bf0        0x6 /usr/lib/gcc/avr/4.1.2/../../../../avr/lib/avr5/libm.a(fp_nan.o)
                0x00002bf0                __fp_nan
 .text.avr-libc.fplib
                0x00002bf6        0xe /usr/lib/gcc/avr/4.1.2/../../../../avr/lib/avr5/libm.a(fp_pscA.o)
                0x00002bf6                __fp_pscA
 .text.avr-libc.fplib
                0x00002c04        0xe /usr/lib/gcc/avr/4.1.2/../../../../avr/lib/avr5/libm.a(fp_pscB.o)
                0x00002c04                __fp_pscB
 .text.avr-libc.fplib
                0x00002c12       0x22 /usr/lib/gcc/avr/4.1.2/../../../../avr/lib/avr5/libm.a(fp_round.o)
                0x00002c12                __fp_round
 .text.avr-libc.fplib
                0x00002c34       0x44 /usr/lib/gcc/avr/4.1.2/../../../../avr/lib/avr5/libm.a(fp_split3.o)
                0x00002c34                __fp_split3
                0x00002c44                __fp_splitA
 .text.avr-libc.fplib
                0x00002c78        0xe /usr/lib/gcc/avr/4.1.2/../../../../avr/lib/avr5/libm.a(fp_zero.o)
                0x00002c78                __fp_zero
                0x00002c7a                __fp_szero
 .text.avr-libc.fplib
                0x00002c86        0x4 /usr/lib/gcc/avr/4.1.2/../../../../avr/lib/avr5/libm.a(mulsf3.o)
                0x00002c86                __mulsf3
 .text.avr-libc.fplib
                0x00002c8a       0xc2 /usr/lib/gcc/avr/4.1.2/../../../../avr/lib/avr5/libm.a(mulsf3x.o)
                0x00002ca2                __mulsf3_pse
                0x00002c9e                __mulsf3x
 .text.libgcc   0x00002d4c       0x28 /usr/lib/gcc/avr/4.1.2/avr5/libgcc.a(_udivmodhi4.o)
                0x00002d4c                __udivmodhi4
 .text.libgcc   0x00002d74       0x3e /usr/lib/gcc/avr/4.1.2/avr5/libgcc.a(_mulsi3.o)
                0x00002d74                __mulsi3
 .text.libgcc   0x00002db2       0x38 /usr/lib/gcc/avr/4.1.2/avr5/libgcc.a(_prologue.o)
                0x00002db2                __prologue_saves__
 .text.libgcc   0x00002dea       0x36 /usr/lib/gcc/avr/4.1.2/avr5/libgcc.a(_epilogue.o)
                0x00002dea                __epilogue_restores__
 .text.avr-libc
                0x00002e20       0x12 /usr/lib/gcc/avr/4.1.2/../../../../avr/lib/avr5/libc.a(memcpy.o)
                0x00002e20                memcpy
 .text.avr-libc
                0x00002e32        0xe /usr/lib/gcc/avr/4.1.2/../../../../avr/lib/avr5/libc.a(memset.o)
                0x00002e32                memset
 .text.avr-libc
                0x00002e40       0x12 /usr/lib/gcc/avr/4.1.2/../../../../avr/lib/avr5/libc.a(strcmp.o)
                0x00002e40                strcmp
 .text.avr-libc
                0x00002e52       0x44 /usr/lib/gcc/avr/4.1.2/../../../../avr/lib/avr5/libc.a(sprintf.o)
                0x00002e52                sprintf
 .text.avr-libc
                0x00002e96      0x3c2 /usr/lib/gcc/avr/4.1.2/../../../../avr/lib/avr5/libc.a(vfprintf_std.o)
                0x00002e96                vfprintf
 .text.avr-libc
                0x00003258       0x16 /usr/lib/gcc/avr/4.1.2/../../../../avr/lib/avr5/libc.a(strnlen_P.o)
                0x00003258                strnlen_P
 .text.avr-libc
                0x0000326e       0x16 /usr/lib/gcc/avr/4.1.2/../../../../avr/lib/avr5/libc.a(strnlen.o)
                0x0000326e                strnlen
 .text.avr-libc
                0x00003284       0x5a /usr/lib/gcc/avr/4.1.2/../../../../avr/lib/avr5/libc.a(fputc.o)
                0x00003284                fputc
 .text.avr-libc
                0x000032de       0xbc /usr/lib/gcc/avr/4.1.2/../../../../avr/lib/avr5/libc.a(ultoa_invert.o)
                0x000032de                __ultoa_invert
                0x0000339a                . = ALIGN (0x2)
 *(.fini9)
 .fini9         0x0000339a        0x0 /usr/lib/gcc/avr/4.1.2/avr5/libgcc.a(_exit.o)
                0x0000339a                exit
                0x0000339a                _exit
 *(.fini9)
 *(.fini8)
 *(.fini8)
 *(.fini7)
 *(.fini7)
 *(.fini6)
 *(.fini6)
 *(.fini5)
 *(.fini5)
 *(.fini4)
 *(.fini4)
 *(.fini3)
 *(.fini3)
 *(.fini2)
 *(.fini2)
 *(.fini1)
 *(.fini1)
 *(.fini0)
 .fini0         0x0000339a        0x2 /usr/lib/gcc/avr/4.1.2/avr5/libgcc.a(_exit.o)
 *(.fini0)
                0x0000339c                _etext = .

.data           0x00800200      0x266 load address 0x0000339c
                0x00800200                PROVIDE (__data_start, .)
 *(.data)
 .data          0x00800200      0x266 app.o
                0x00800461                McuSleepC__powerState
                0x008002e1                signature
                0x008002df                TOS_NODE_ID
                0x00800464                ActiveMessageAddressC__addr
                0x00800462                ArbiterP__0(long double,...)(short, int13_t)
                0x00800463                SimpleArbiterP__0(long double,...)(short, int13_t)
 *(.data*)
 *(.rodata)
 *(.rodata*)
 *(.gnu.linkonce.d*)
                0x00800466                . = ALIGN (0x2)
                0x00800466                _edata = .
                0x00800466                PROVIDE (__data_end, .)

.bss            0x00800466      0x2aa
                0x00800466                PROVIDE (__bss_start, .)
 *(.bss)
 .bss           0x00800466        0x5 app.o
                0x00800469                SimpleArbiterP__0__state
                0x0080046a                PacketLinkLayerP__0__state
                0x00800468                ArbiterP__0__state
                0x00800466                Atm128Rfa1Uart1InterruptsP__privReceivedByte
                0x00800467                RoundRobinResourceQueueC__0__last
 *(.bss*)
 *(COMMON)
 COMMON         0x0080046b      0x2a5 app.o
                0x0080046b                UniqueLayerP__0__sequenceNumber
                0x0080046c                Atm128Rfa1SerialP__txBuf
                0x0080046e                BlinkC__commandLength
                0x0080046f                MessageBufferLayerP__0__receiveQueue
                0x00800475                Atm128Rfa1SerialP__rxBusy
                0x00800476                RFA1DriverLayerP__rssiBusy
                0x00800477                SoftwareAckLayerC__0__state
                0x00800478                NeighborhoodP__last
                0x00800479                Atm128Rfa1SerialP__rxResult
                0x0080047a                SchedulerBasicP__m_next
                0x0080048d                Atm128Rfa1SerialP__txLen
                0x0080048f                RFA1DriverLayerP__cmd
                0x00800490                AlarmToTimerC__0__m_oneshot
                0x00800491                Atm128AdcP(float)
                0x00800492                TaskletC__state
                0x00800493                SimpleArbiterP__0__reqResId
                0x00800494                FcfsResourceQueueC__0__resQ
                0x00800494                BlinkC__commandBuf
                0x00800593                RandomCollisionLayerP__0__txMsg
                0x00800595                Atm128AdcP__nextF
                0x00800596                MessageBufferLayerP__0__state
                0x00800597                RandomCollisionLayerP__0__state
                0x00800598                RandomMlcgC(short,...)(...)(double)
                0x0080059c                TransformAlarmC__0__m_dt
                0x008005a0                TransformAlarmC__0__m_t0
                0x008005a4                Atm128Rfa1SerialP__txBusy
                0x008005a5                Atm128Rfa1SerialP__rxPos
                0x008005a7                RadioAlarmP__0__alarm
                0x008005a8                AdcP__state
                0x008005a9                Atm128Rfa1SerialP__txResult
                0x008005aa                RFA1DriverLayerP__state
                0x008005ab                SoftwareAckLayerC__0__ackMsg
                0x008005dd                Atm128Rfa1SerialP__rxUnexpectedByte
                0x008005de                RandomCollisionLayerP__0__txBarrier
                0x008005e0                TransformCounterC__0__m_upper
                0x008005e1                Atm128Rfa1SerialP__m_byte_time
                0x008005e2                RFA1DriverLayerP__txPower
                0x008005e3                RoundRobinResourceQueueC__0__resQ
                0x008005e4                VirtualizeTimerC__0__m_timers
                0x00800608                RadioAlarmP__0__state
                0x00800609                NeighborhoodP__time
                0x0080060a                MessageBufferLayerP__0__retries
                0x0080060b                AdcP__val
                0x0080060d                MessageBufferLayerP__0__txMsg
                0x0080060f                PacketLinkLayerP__0__totalRetries
                0x00800611                RandomCollisionLayerP__0__nextRandom
                0x00800613                PacketLinkLayerP__0__currentMsg
                0x00800615                ArbiterP__0__reqResId
                0x00800616                RFA1DriverLayerP__radioIrq
                0x00800617                MessageBufferLayerP__0__receiveQueueSize
                0x00800618                UniqueLayerP__0__receivedNumbers
                0x0080061d                Atm128Rfa1SerialP__rxLen
                0x0080061f                NeighborhoodP__nodes
                0x00800629                AlarmToTimerC__0__m_dt
                0x0080062d                Atm128Rfa1SerialP__txPos
                0x0080062f                SchedulerBasicP__m_head
                0x00800630                MeasureClockC__cycles
                0x00800632                Atm128Rfa1SerialP__rxBuf
                0x00800634                MessageBufferLayerP__0__receiveQueueHead
                0x00800635                AdcP__client
                0x00800636                RFA1DriverLayerP__rssiClear
                0x00800637                MessageBufferLayerP__0__txError
                0x00800638                MessageBufferLayerP__0__receiveQueueData
                0x008006ce                RFA1DriverLayerP__channel
                0x008006cf                NeighborhoodP__ages
                0x008006d4                SchedulerBasicP__m_tail
                0x008006d5                SoftwareAckLayerC__0__txMsg
                0x008006d7                RFA1DriverLayerP__rxMsgBuffer
                0x00800709                RFA1DriverLayerP__rxMsg
                0x0080070b                NeighborhoodP__flags
                0x00800710                PROVIDE (__bss_end, .)
                0x0000339c                __data_load_start = LOADADDR (.data)
                0x00003602                __data_load_end = (__data_load_start + SIZEOF (.data))

.noinit         0x00800710        0x0
                0x00800710                PROVIDE (__noinit_start, .)
 *(.noinit*)
                0x00800710                PROVIDE (__noinit_end, .)
                0x00800710                _end = .
                0x00800710                PROVIDE (__heap_start, .)

.eeprom         0x00810000        0x0
 *(.eeprom*)
                0x00810000                __eeprom_end = .

.stab           0x00000000     0x3870
 *(.stab)
 .stab          0x00000000      0x750 /usr/lib/gcc/avr/4.1.2/../../../../avr/lib/avr5/crtm128rfa1.o
 .stab          0x00000750       0x78 /usr/lib/gcc/avr/4.1.2/../../../../avr/lib/avr5/libm.a(addsf3.o)
                                 0x84 (size before relaxing)
 .stab          0x000007c8      0x4bc /usr/lib/gcc/avr/4.1.2/../../../../avr/lib/avr5/libm.a(addsf3x.o)
                                0x4c8 (size before relaxing)
 .stab          0x00000c84      0x240 /usr/lib/gcc/avr/4.1.2/../../../../avr/lib/avr5/libm.a(fixunssfsi.o)
                                0x24c (size before relaxing)
 .stab          0x00000ec4      0x318 /usr/lib/gcc/avr/4.1.2/../../../../avr/lib/avr5/libm.a(floatsisf.o)
                                0x324 (size before relaxing)
 .stab          0x000011dc       0x78 /usr/lib/gcc/avr/4.1.2/../../../../avr/lib/avr5/libm.a(fp_inf.o)
                                 0x84 (size before relaxing)
 .stab          0x00001254       0x54 /usr/lib/gcc/avr/4.1.2/../../../../avr/lib/avr5/libm.a(fp_nan.o)
                                 0x60 (size before relaxing)
 .stab          0x000012a8       0x84 /usr/lib/gcc/avr/4.1.2/../../../../avr/lib/avr5/libm.a(fp_pscA.o)
                                 0x90 (size before relaxing)
 .stab          0x0000132c       0x84 /usr/lib/gcc/avr/4.1.2/../../../../avr/lib/avr5/libm.a(fp_pscB.o)
                                 0x90 (size before relaxing)
 .stab          0x000013b0       0xfc /usr/lib/gcc/avr/4.1.2/../../../../avr/lib/avr5/libm.a(fp_round.o)
                                0x108 (size before relaxing)
 .stab          0x000014ac      0x1d4 /usr/lib/gcc/avr/4.1.2/../../../../avr/lib/avr5/libm.a(fp_split3.o)
                                0x1e0 (size before relaxing)
 .stab          0x00001680       0x90 /usr/lib/gcc/avr/4.1.2/../../../../avr/lib/avr5/libm.a(fp_zero.o)
                                 0x9c (size before relaxing)
 .stab          0x00001710       0x48 /usr/lib/gcc/avr/4.1.2/../../../../avr/lib/avr5/libm.a(mulsf3.o)
                                 0x54 (size before relaxing)
 .stab          0x00001758      0x4d4 /usr/lib/gcc/avr/4.1.2/../../../../avr/lib/avr5/libm.a(mulsf3x.o)
                                0x4e0 (size before relaxing)
 .stab          0x00001c2c      0x3d8 /usr/lib/gcc/avr/4.1.2/avr5/libgcc.a(_muldi3.o)
                                0x3e4 (size before relaxing)
 .stab          0x00002004      0x240 /usr/lib/gcc/avr/4.1.2/avr5/libgcc.a(_lshrdi3.o)
                                0x384 (size before relaxing)
 .stab          0x00002244       0x84 /usr/lib/gcc/avr/4.1.2/../../../../avr/lib/avr5/libc.a(memcpy.o)
                                 0x90 (size before relaxing)
 .stab          0x000022c8       0x6c /usr/lib/gcc/avr/4.1.2/../../../../avr/lib/avr5/libc.a(memset.o)
                                 0x78 (size before relaxing)
 .stab          0x00002334       0x84 /usr/lib/gcc/avr/4.1.2/../../../../avr/lib/avr5/libc.a(strcmp.o)
                                 0x90 (size before relaxing)
 .stab          0x000023b8      0x3cc /usr/lib/gcc/avr/4.1.2/../../../../avr/lib/avr5/libc.a(sprintf.o)
                                0x3d8 (size before relaxing)
 .stab          0x00002784      0x960 /usr/lib/gcc/avr/4.1.2/../../../../avr/lib/avr5/libc.a(vfprintf_std.o)
                                0xb40 (size before relaxing)
 .stab          0x000030e4       0x9c /usr/lib/gcc/avr/4.1.2/../../../../avr/lib/avr5/libc.a(strnlen_P.o)
                                 0xa8 (size before relaxing)
 .stab          0x00003180       0x9c /usr/lib/gcc/avr/4.1.2/../../../../avr/lib/avr5/libc.a(strnlen.o)
                                 0xa8 (size before relaxing)
 .stab          0x0000321c      0x1d4 /usr/lib/gcc/avr/4.1.2/../../../../avr/lib/avr5/libc.a(fputc.o)
                                0x3b4 (size before relaxing)
 .stab          0x000033f0      0x480 /usr/lib/gcc/avr/4.1.2/../../../../avr/lib/avr5/libc.a(ultoa_invert.o)
                                0x48c (size before relaxing)

.stabstr        0x00000000     0x3dd8
 *(.stabstr)
 .stabstr       0x00000000     0x3dd8 /usr/lib/gcc/avr/4.1.2/../../../../avr/lib/avr5/crtm128rfa1.o

.stab.excl
 *(.stab.excl)

.stab.exclstr
 *(.stab.exclstr)

.stab.index
 *(.stab.index)

.stab.indexstr
 *(.stab.indexstr)

.comment
 *(.comment)

.debug
 *(.debug)

.line
 *(.line)

.debug_srcinfo
 *(.debug_srcinfo)

.debug_sfnames
 *(.debug_sfnames)

.debug_aranges  0x00000000      0x268
 *(.debug_aranges)
 .debug_aranges
                0x00000000      0x268 app.o

.debug_pubnames
                0x00000000      0xae1
 *(.debug_pubnames)
 .debug_pubnames
                0x00000000      0xae1 app.o

.debug_info     0x00000000     0xa937
 *(.debug_info)
 .debug_info    0x00000000     0xa937 app.o
 *(.gnu.linkonce.wi.*)

.debug_abbrev   0x00000000      0x4e8
 *(.debug_abbrev)
 .debug_abbrev  0x00000000      0x4e8 app.o

.debug_line     0x00000000     0x39e7
 *(.debug_line)
 .debug_line    0x00000000     0x39e7 app.o

.debug_frame    0x00000000      0x4a0
 *(.debug_frame)
 .debug_frame   0x00000000      0x4a0 app.o

.debug_str      0x00000000     0x6e31
 *(.debug_str)
 .debug_str     0x00000000     0x6e31 app.o
                               0x7177 (size before relaxing)

.debug_loc      0x00000000     0x1a7c
 *(.debug_loc)
 .debug_loc     0x00000000     0x1a7c app.o

.debug_macinfo
 *(.debug_macinfo)
OUTPUT(app.elf elf32-avr)
LOAD linker stubs

.debug_ranges   0x00000000      0x490
 .debug_ranges  0x00000000      0x490 app.o

Cross Reference Table

Symbol                                            File
ActiveMessageAddressC__addr                       app.o
AdcP__client                                      app.o
AdcP__state                                       app.o
AdcP__val                                         app.o
AlarmToTimerC__0__m_dt                            app.o
AlarmToTimerC__0__m_oneshot                       app.o
ArbiterP__0(long double,...)(short, int13_t)      app.o
ArbiterP__0__reqResId                             app.o
ArbiterP__0__state                                app.o
Atm128AdcP(float)                                 app.o
Atm128AdcP__nextF                                 app.o
Atm128Rfa1SerialP__m_byte_time                    app.o
Atm128Rfa1SerialP__rxBuf                          app.o
Atm128Rfa1SerialP__rxBusy                         app.o
Atm128Rfa1SerialP__rxLen                          app.o
Atm128Rfa1SerialP__rxPos                          app.o
Atm128Rfa1SerialP__rxResult                       app.o
Atm128Rfa1SerialP__rxUnexpectedByte               app.o
Atm128Rfa1SerialP__txBuf                          app.o
Atm128Rfa1SerialP__txBusy                         app.o
Atm128Rfa1SerialP__txLen                          app.o
Atm128Rfa1SerialP__txPos                          app.o
Atm128Rfa1SerialP__txResult                       app.o
Atm128Rfa1Uart1InterruptsP__privReceivedByte      app.o
BlinkC__commandBuf                                app.o
BlinkC__commandLength                             app.o
FcfsResourceQueueC__0__resQ                       app.o
McuSleepC__atm128PowerBits                        app.o
McuSleepC__powerState                             app.o
MeasureClockC__cycles                             app.o
MessageBufferLayerP__0__receiveQueue              app.o
MessageBufferLayerP__0__receiveQueueData          app.o
MessageBufferLayerP__0__receiveQueueHead          app.o
MessageBufferLayerP__0__receiveQueueSize          app.o
MessageBufferLayerP__0__retries                   app.o
MessageBufferLayerP__0__state                     app.o
MessageBufferLayerP__0__txError                   app.o
MessageBufferLayerP__0__txMsg                     app.o
NeighborhoodP__ages                               app.o
NeighborhoodP__flags                              app.o
NeighborhoodP__last                               app.o
NeighborhoodP__nodes                              app.o
NeighborhoodP__time                               app.o
PacketLinkLayerP__0__currentMsg                   app.o
PacketLinkLayerP__0__state                        app.o
PacketLinkLayerP__0__totalRetries                 app.o
RFA1DriverLayerP__channel                         app.o
RFA1DriverLayerP__cmd                             app.o
RFA1DriverLayerP__radioIrq                        app.o
RFA1DriverLayerP__rssiBusy                        app.o
RFA1DriverLayerP__rssiClear                       app.o
RFA1DriverLayerP__rxMsg                           app.o
RFA1DriverLayerP__rxMsgBuffer                     app.o
RFA1DriverLayerP__state                           app.o
RFA1DriverLayerP__txPower                         app.o
RadioAlarmP__0__alarm                             app.o
RadioAlarmP__0__state                             app.o
RandomCollisionLayerP__0__nextRandom              app.o
RandomCollisionLayerP__0__state                   app.o
RandomCollisionLayerP__0__txBarrier               app.o
RandomCollisionLayerP__0__txMsg                   app.o
RandomMlcgC(short,...)(...)(double)               app.o
RoundRobinResourceQueueC__0__last                 app.o
RoundRobinResourceQueueC__0__resQ                 app.o
SchedulerBasicP__m_head                           app.o
SchedulerBasicP__m_next                           app.o
SchedulerBasicP__m_tail                           app.o
SimpleArbiterP__0(long double,...)(short, int13_t) app.o
SimpleArbiterP__0__reqResId                       app.o
SimpleArbiterP__0__state                          app.o
SoftwareAckLayerC__0__ackMsg                      app.o
SoftwareAckLayerC__0__state                       app.o
SoftwareAckLayerC__0__txMsg                       app.o
TOS_NODE_ID                                       app.o
TaskletC__state                                   app.o
TransformAlarmC__0__m_dt                          app.o
TransformAlarmC__0__m_t0                          app.o
TransformCounterC__0__m_upper                     app.o
UniqueLayerP__0__receivedNumbers                  app.o
UniqueLayerP__0__sequenceNumber                   app.o
VirtualizeTimerC__0__m_timers                     app.o
__addsf3                                          /usr/lib/gcc/avr/4.1.2/../../../../avr/lib/avr5/libm.a(addsf3.o)
                                                  app.o
__addsf3x                                         /usr/lib/gcc/avr/4.1.2/../../../../avr/lib/avr5/libm.a(addsf3x.o)
                                                  /usr/lib/gcc/avr/4.1.2/../../../../avr/lib/avr5/libm.a(addsf3.o)
__bad_interrupt                                   /usr/lib/gcc/avr/4.1.2/../../../../avr/lib/avr5/crtm128rfa1.o
__bss_end                                         /usr/lib/gcc/avr/4.1.2/avr5/libgcc.a(_clear_bss.o)
__bss_start                                       /usr/lib/gcc/avr/4.1.2/avr5/libgcc.a(_clear_bss.o)
__data_end                                        /usr/lib/gcc/avr/4.1.2/../../../../avr/lib/avr5/crtm128rfa1.o
__data_load_start                                 /usr/lib/gcc/avr/4.1.2/../../../../avr/lib/avr5/crtm128rfa1.o
__data_start                                      /usr/lib/gcc/avr/4.1.2/../../../../avr/lib/avr5/crtm128rfa1.o
__do_clear_bss                                    /usr/lib/gcc/avr/4.1.2/avr5/libgcc.a(_clear_bss.o)
                                                  /usr/lib/gcc/avr/4.1.2/../../../../avr/lib/avr5/libc.a(fputc.o)
                                                  /usr/lib/gcc/avr/4.1.2/../../../../avr/lib/avr5/libc.a(vfprintf_std.o)
                                                  /usr/lib/gcc/avr/4.1.2/../../../../avr/lib/avr5/libc.a(sprintf.o)
                                                  /usr/lib/gcc/avr/4.1.2/avr5/libgcc.a(_lshrdi3.o)
                                                  /usr/lib/gcc/avr/4.1.2/avr5/libgcc.a(_muldi3.o)
                                                  app.o
__do_copy_data                                    /usr/lib/gcc/avr/4.1.2/../../../../avr/lib/avr5/crtm128rfa1.o
                                                  /usr/lib/gcc/avr/4.1.2/../../../../avr/lib/avr5/libc.a(fputc.o)
                                                  /usr/lib/gcc/avr/4.1.2/../../../../avr/lib/avr5/libc.a(vfprintf_std.o)
                                                  /usr/lib/gcc/avr/4.1.2/../../../../avr/lib/avr5/libc.a(sprintf.o)
                                                  /usr/lib/gcc/avr/4.1.2/avr5/libgcc.a(_lshrdi3.o)
                                                  /usr/lib/gcc/avr/4.1.2/avr5/libgcc.a(_muldi3.o)
                                                  app.o
__epilogue_restores__                             /usr/lib/gcc/avr/4.1.2/avr5/libgcc.a(_epilogue.o)
                                                  /usr/lib/gcc/avr/4.1.2/../../../../avr/lib/avr5/libc.a(vfprintf_std.o)
                                                  /usr/lib/gcc/avr/4.1.2/../../../../avr/lib/avr5/libc.a(sprintf.o)
                                                  /usr/lib/gcc/avr/4.1.2/avr5/libgcc.a(_lshrdi3.o)
                                                  /usr/lib/gcc/avr/4.1.2/avr5/libgcc.a(_muldi3.o)
__fixunssfsi                                      /usr/lib/gcc/avr/4.1.2/../../../../avr/lib/avr5/libm.a(fixunssfsi.o)
                                                  app.o
__floatsisf                                       /usr/lib/gcc/avr/4.1.2/../../../../avr/lib/avr5/libm.a(floatsisf.o)
                                                  app.o
__floatunsisf                                     /usr/lib/gcc/avr/4.1.2/../../../../avr/lib/avr5/libm.a(floatsisf.o)
__fp_inf                                          /usr/lib/gcc/avr/4.1.2/../../../../avr/lib/avr5/libm.a(fp_inf.o)
                                                  /usr/lib/gcc/avr/4.1.2/../../../../avr/lib/avr5/libm.a(mulsf3x.o)
                                                  /usr/lib/gcc/avr/4.1.2/../../../../avr/lib/avr5/libm.a(addsf3x.o)
__fp_nan                                          /usr/lib/gcc/avr/4.1.2/../../../../avr/lib/avr5/libm.a(fp_nan.o)
                                                  /usr/lib/gcc/avr/4.1.2/../../../../avr/lib/avr5/libm.a(mulsf3x.o)
                                                  /usr/lib/gcc/avr/4.1.2/../../../../avr/lib/avr5/libm.a(addsf3x.o)
__fp_pscA                                         /usr/lib/gcc/avr/4.1.2/../../../../avr/lib/avr5/libm.a(fp_pscA.o)
                                                  /usr/lib/gcc/avr/4.1.2/../../../../avr/lib/avr5/libm.a(mulsf3x.o)
                                                  /usr/lib/gcc/avr/4.1.2/../../../../avr/lib/avr5/libm.a(addsf3x.o)
__fp_pscB                                         /usr/lib/gcc/avr/4.1.2/../../../../avr/lib/avr5/libm.a(fp_pscB.o)
                                                  /usr/lib/gcc/avr/4.1.2/../../../../avr/lib/avr5/libm.a(mulsf3x.o)
                                                  /usr/lib/gcc/avr/4.1.2/../../../../avr/lib/avr5/libm.a(addsf3x.o)
__fp_round                                        /usr/lib/gcc/avr/4.1.2/../../../../avr/lib/avr5/libm.a(fp_round.o)
                                                  /usr/lib/gcc/avr/4.1.2/../../../../avr/lib/avr5/libm.a(mulsf3.o)
                                                  /usr/lib/gcc/avr/4.1.2/../../../../avr/lib/avr5/libm.a(addsf3.o)
__fp_split3                                       /usr/lib/gcc/avr/4.1.2/../../../../avr/lib/avr5/libm.a(fp_split3.o)
                                                  /usr/lib/gcc/avr/4.1.2/../../../../avr/lib/avr5/libm.a(mulsf3x.o)
                                                  /usr/lib/gcc/avr/4.1.2/../../../../avr/lib/avr5/libm.a(addsf3x.o)
__fp_splitA                                       /usr/lib/gcc/avr/4.1.2/../../../../avr/lib/avr5/libm.a(fp_split3.o)
                                                  /usr/lib/gcc/avr/4.1.2/../../../../avr/lib/avr5/libm.a(fixunssfsi.o)
__fp_szero                                        /usr/lib/gcc/avr/4.1.2/../../../../avr/lib/avr5/libm.a(fp_zero.o)
                                                  /usr/lib/gcc/avr/4.1.2/../../../../avr/lib/avr5/libm.a(mulsf3x.o)
__fp_zero                                         /usr/lib/gcc/avr/4.1.2/../../../../avr/lib/avr5/libm.a(fp_zero.o)
                                                  /usr/lib/gcc/avr/4.1.2/../../../../avr/lib/avr5/libm.a(fixunssfsi.o)
                                                  /usr/lib/gcc/avr/4.1.2/../../../../avr/lib/avr5/libm.a(addsf3x.o)
__heap_end                                        /usr/lib/gcc/avr/4.1.2/../../../../avr/lib/avr5/crtm128rfa1.o
__init                                            /usr/lib/gcc/avr/4.1.2/../../../../avr/lib/avr5/crtm128rfa1.o
__lshrdi3                                         /usr/lib/gcc/avr/4.1.2/avr5/libgcc.a(_lshrdi3.o)
                                                  app.o
__muldi3                                          /usr/lib/gcc/avr/4.1.2/avr5/libgcc.a(_muldi3.o)
                                                  app.o
__mulsf3                                          /usr/lib/gcc/avr/4.1.2/../../../../avr/lib/avr5/libm.a(mulsf3.o)
                                                  app.o
__mulsf3_pse                                      /usr/lib/gcc/avr/4.1.2/../../../../avr/lib/avr5/libm.a(mulsf3x.o)
__mulsf3x                                         /usr/lib/gcc/avr/4.1.2/../../../../avr/lib/avr5/libm.a(mulsf3x.o)
                                                  /usr/lib/gcc/avr/4.1.2/../../../../avr/lib/avr5/libm.a(mulsf3.o)
__mulsi3                                          /usr/lib/gcc/avr/4.1.2/avr5/libgcc.a(_mulsi3.o)
                                                  /usr/lib/gcc/avr/4.1.2/avr5/libgcc.a(_muldi3.o)
__nesc_atomic_end                                 app.o
__nesc_atomic_start                               app.o
__prologue_saves__                                /usr/lib/gcc/avr/4.1.2/avr5/libgcc.a(_prologue.o)
                                                  /usr/lib/gcc/avr/4.1.2/../../../../avr/lib/avr5/libc.a(vfprintf_std.o)
                                                  /usr/lib/gcc/avr/4.1.2/../../../../avr/lib/avr5/libc.a(sprintf.o)
                                                  /usr/lib/gcc/avr/4.1.2/avr5/libgcc.a(_lshrdi3.o)
                                                  /usr/lib/gcc/avr/4.1.2/avr5/libgcc.a(_muldi3.o)
__stack                                           /usr/lib/gcc/avr/4.1.2/../../../../avr/lib/avr5/crtm128rfa1.o
__subsf3                                          /usr/lib/gcc/avr/4.1.2/../../../../avr/lib/avr5/libm.a(addsf3.o)
                                                  app.o
__udivmodhi4                                      /usr/lib/gcc/avr/4.1.2/avr5/libgcc.a(_udivmodhi4.o)
                                                  app.o
__ultoa_invert                                    /usr/lib/gcc/avr/4.1.2/../../../../avr/lib/avr5/libc.a(ultoa_invert.o)
                                                  /usr/lib/gcc/avr/4.1.2/../../../../avr/lib/avr5/libc.a(vfprintf_std.o)
__vector_1                                        /usr/lib/gcc/avr/4.1.2/../../../../avr/lib/avr5/crtm128rfa1.o
__vector_10                                       /usr/lib/gcc/avr/4.1.2/../../../../avr/lib/avr5/crtm128rfa1.o
__vector_11                                       /usr/lib/gcc/avr/4.1.2/../../../../avr/lib/avr5/crtm128rfa1.o
__vector_12                                       /usr/lib/gcc/avr/4.1.2/../../../../avr/lib/avr5/crtm128rfa1.o
__vector_13                                       /usr/lib/gcc/avr/4.1.2/../../../../avr/lib/avr5/crtm128rfa1.o
__vector_14                                       /usr/lib/gcc/avr/4.1.2/../../../../avr/lib/avr5/crtm128rfa1.o
__vector_15                                       /usr/lib/gcc/avr/4.1.2/../../../../avr/lib/avr5/crtm128rfa1.o
__vector_16                                       /usr/lib/gcc/avr/4.1.2/../../../../avr/lib/avr5/crtm128rfa1.o
__vector_17                                       /usr/lib/gcc/avr/4.1.2/../../../../avr/lib/avr5/crtm128rfa1.o
__vector_18                                       /usr/lib/gcc/avr/4.1.2/../../../../avr/lib/avr5/crtm128rfa1.o
__vector_19                                       /usr/lib/gcc/avr/4.1.2/../../../../avr/lib/avr5/crtm128rfa1.o
__vector_2                                        /usr/lib/gcc/avr/4.1.2/../../../../avr/lib/avr5/crtm128rfa1.o
__vector_20                                       /usr/lib/gcc/avr/4.1.2/../../../../avr/lib/avr5/crtm128rfa1.o
__vector_21                                       /usr/lib/gcc/avr/4.1.2/../../../../avr/lib/avr5/crtm128rfa1.o
__vector_22                                       /usr/lib/gcc/avr/4.1.2/../../../../avr/lib/avr5/crtm128rfa1.o
__vector_23                                       /usr/lib/gcc/avr/4.1.2/../../../../avr/lib/avr5/crtm128rfa1.o
__vector_24                                       /usr/lib/gcc/avr/4.1.2/../../../../avr/lib/avr5/crtm128rfa1.o
__vector_25                                       /usr/lib/gcc/avr/4.1.2/../../../../avr/lib/avr5/crtm128rfa1.o
__vector_26                                       /usr/lib/gcc/avr/4.1.2/../../../../avr/lib/avr5/crtm128rfa1.o
__vector_27                                       /usr/lib/gcc/avr/4.1.2/../../../../avr/lib/avr5/crtm128rfa1.o
__vector_28                                       /usr/lib/gcc/avr/4.1.2/../../../../avr/lib/avr5/crtm128rfa1.o
__vector_29                                       app.o
                                                  /usr/lib/gcc/avr/4.1.2/../../../../avr/lib/avr5/crtm128rfa1.o
__vector_3                                        /usr/lib/gcc/avr/4.1.2/../../../../avr/lib/avr5/crtm128rfa1.o
__vector_30                                       /usr/lib/gcc/avr/4.1.2/../../../../avr/lib/avr5/crtm128rfa1.o
__vector_31                                       /usr/lib/gcc/avr/4.1.2/../../../../avr/lib/avr5/crtm128rfa1.o
__vector_32                                       /usr/lib/gcc/avr/4.1.2/../../../../avr/lib/avr5/crtm128rfa1.o
__vector_33                                       /usr/lib/gcc/avr/4.1.2/../../../../avr/lib/avr5/crtm128rfa1.o
__vector_34                                       /usr/lib/gcc/avr/4.1.2/../../../../avr/lib/avr5/crtm128rfa1.o
__vector_35                                       /usr/lib/gcc/avr/4.1.2/../../../../avr/lib/avr5/crtm128rfa1.o
__vector_36                                       app.o
                                                  /usr/lib/gcc/avr/4.1.2/../../../../avr/lib/avr5/crtm128rfa1.o
__vector_37                                       /usr/lib/gcc/avr/4.1.2/../../../../avr/lib/avr5/crtm128rfa1.o
__vector_38                                       app.o
                                                  /usr/lib/gcc/avr/4.1.2/../../../../avr/lib/avr5/crtm128rfa1.o
__vector_39                                       /usr/lib/gcc/avr/4.1.2/../../../../avr/lib/avr5/crtm128rfa1.o
__vector_4                                        /usr/lib/gcc/avr/4.1.2/../../../../avr/lib/avr5/crtm128rfa1.o
__vector_40                                       /usr/lib/gcc/avr/4.1.2/../../../../avr/lib/avr5/crtm128rfa1.o
__vector_41                                       /usr/lib/gcc/avr/4.1.2/../../../../avr/lib/avr5/crtm128rfa1.o
__vector_42                                       /usr/lib/gcc/avr/4.1.2/../../../../avr/lib/avr5/crtm128rfa1.o
__vector_43                                       /usr/lib/gcc/avr/4.1.2/../../../../avr/lib/avr5/crtm128rfa1.o
__vector_44                                       /usr/lib/gcc/avr/4.1.2/../../../../avr/lib/avr5/crtm128rfa1.o
__vector_45                                       /usr/lib/gcc/avr/4.1.2/../../../../avr/lib/avr5/crtm128rfa1.o
__vector_46                                       /usr/lib/gcc/avr/4.1.2/../../../../avr/lib/avr5/crtm128rfa1.o
__vector_47                                       /usr/lib/gcc/avr/4.1.2/../../../../avr/lib/avr5/crtm128rfa1.o
__vector_48                                       /usr/lib/gcc/avr/4.1.2/../../../../avr/lib/avr5/crtm128rfa1.o
__vector_49                                       /usr/lib/gcc/avr/4.1.2/../../../../avr/lib/avr5/crtm128rfa1.o
__vector_5                                        /usr/lib/gcc/avr/4.1.2/../../../../avr/lib/avr5/crtm128rfa1.o
__vector_50                                       /usr/lib/gcc/avr/4.1.2/../../../../avr/lib/avr5/crtm128rfa1.o
__vector_51                                       /usr/lib/gcc/avr/4.1.2/../../../../avr/lib/avr5/crtm128rfa1.o
__vector_52                                       /usr/lib/gcc/avr/4.1.2/../../../../avr/lib/avr5/crtm128rfa1.o
__vector_53                                       /usr/lib/gcc/avr/4.1.2/../../../../avr/lib/avr5/crtm128rfa1.o
__vector_54                                       /usr/lib/gcc/avr/4.1.2/../../../../avr/lib/avr5/crtm128rfa1.o
__vector_55                                       /usr/lib/gcc/avr/4.1.2/../../../../avr/lib/avr5/crtm128rfa1.o
__vector_56                                       /usr/lib/gcc/avr/4.1.2/../../../../avr/lib/avr5/crtm128rfa1.o
__vector_57                                       app.o
                                                  /usr/lib/gcc/avr/4.1.2/../../../../avr/lib/avr5/crtm128rfa1.o
__vector_58                                       app.o
                                                  /usr/lib/gcc/avr/4.1.2/../../../../avr/lib/avr5/crtm128rfa1.o
__vector_59                                       app.o
                                                  /usr/lib/gcc/avr/4.1.2/../../../../avr/lib/avr5/crtm128rfa1.o
__vector_6                                        /usr/lib/gcc/avr/4.1.2/../../../../avr/lib/avr5/crtm128rfa1.o
__vector_60                                       app.o
                                                  /usr/lib/gcc/avr/4.1.2/../../../../avr/lib/avr5/crtm128rfa1.o
__vector_61                                       app.o
                                                  /usr/lib/gcc/avr/4.1.2/../../../../avr/lib/avr5/crtm128rfa1.o
__vector_62                                       app.o
                                                  /usr/lib/gcc/avr/4.1.2/../../../../avr/lib/avr5/crtm128rfa1.o
__vector_63                                       app.o
                                                  /usr/lib/gcc/avr/4.1.2/../../../../avr/lib/avr5/crtm128rfa1.o
__vector_64                                       app.o
                                                  /usr/lib/gcc/avr/4.1.2/../../../../avr/lib/avr5/crtm128rfa1.o
__vector_65                                       app.o
                                                  /usr/lib/gcc/avr/4.1.2/../../../../avr/lib/avr5/crtm128rfa1.o
__vector_66                                       app.o
                                                  /usr/lib/gcc/avr/4.1.2/../../../../avr/lib/avr5/crtm128rfa1.o
__vector_67                                       app.o
                                                  /usr/lib/gcc/avr/4.1.2/../../../../avr/lib/avr5/crtm128rfa1.o
__vector_68                                       app.o
                                                  /usr/lib/gcc/avr/4.1.2/../../../../avr/lib/avr5/crtm128rfa1.o
__vector_69                                       /usr/lib/gcc/avr/4.1.2/../../../../avr/lib/avr5/crtm128rfa1.o
__vector_7                                        /usr/lib/gcc/avr/4.1.2/../../../../avr/lib/avr5/crtm128rfa1.o
__vector_70                                       /usr/lib/gcc/avr/4.1.2/../../../../avr/lib/avr5/crtm128rfa1.o
__vector_71                                       /usr/lib/gcc/avr/4.1.2/../../../../avr/lib/avr5/crtm128rfa1.o
__vector_8                                        /usr/lib/gcc/avr/4.1.2/../../../../avr/lib/avr5/crtm128rfa1.o
__vector_9                                        /usr/lib/gcc/avr/4.1.2/../../../../avr/lib/avr5/crtm128rfa1.o
__vector_default                                  /usr/lib/gcc/avr/4.1.2/../../../../avr/lib/avr5/crtm128rfa1.o
__vectors                                         /usr/lib/gcc/avr/4.1.2/../../../../avr/lib/avr5/crtm128rfa1.o
_exit                                             /usr/lib/gcc/avr/4.1.2/avr5/libgcc.a(_exit.o)
exit                                              /usr/lib/gcc/avr/4.1.2/avr5/libgcc.a(_exit.o)
                                                  /usr/lib/gcc/avr/4.1.2/../../../../avr/lib/avr5/crtm128rfa1.o
fputc                                             /usr/lib/gcc/avr/4.1.2/../../../../avr/lib/avr5/libc.a(fputc.o)
                                                  /usr/lib/gcc/avr/4.1.2/../../../../avr/lib/avr5/libc.a(vfprintf_std.o)
main                                              app.o
                                                  /usr/lib/gcc/avr/4.1.2/../../../../avr/lib/avr5/crtm128rfa1.o
memcpy                                            /usr/lib/gcc/avr/4.1.2/../../../../avr/lib/avr5/libc.a(memcpy.o)
                                                  app.o
memset                                            /usr/lib/gcc/avr/4.1.2/../../../../avr/lib/avr5/libc.a(memset.o)
                                                  app.o
signature                                         app.o
sprintf                                           /usr/lib/gcc/avr/4.1.2/../../../../avr/lib/avr5/libc.a(sprintf.o)
                                                  app.o
strcmp                                            /usr/lib/gcc/avr/4.1.2/../../../../avr/lib/avr5/libc.a(strcmp.o)
                                                  app.o
strnlen                                           /usr/lib/gcc/avr/4.1.2/../../../../avr/lib/avr5/libc.a(strnlen.o)
                                                  /usr/lib/gcc/avr/4.1.2/../../../../avr/lib/avr5/libc.a(vfprintf_std.o)
strnlen_P                                         /usr/lib/gcc/avr/4.1.2/../../../../avr/lib/avr5/libc.a(strnlen_P.o)
                                                  /usr/lib/gcc/avr/4.1.2/../../../../avr/lib/avr5/libc.a(vfprintf_std.o)
vfprintf                                          /usr/lib/gcc/avr/4.1.2/../../../../avr/lib/avr5/libc.a(vfprintf_std.o)
                                                  /usr/lib/gcc/avr/4.1.2/../../../../avr/lib/avr5/libc.a(sprintf.o)
